[2026-09-24T08:11:45.918Z] GET https://huggingface.co/docs/diffusers/v0.24.0/en/optimization/mps → pending (?ms, ?B)
[2026-09-24T08:11:46.559Z] GET https://huggingface.co/front/assets/fonts/source-sans-pro-latin-400-normal.woff2 → 200 (51ms, 14892B)
[2026-09-24T08:11:46.559Z] GET https://huggingface.co/front/assets/fonts/source-sans-pro-latin-600-normal.woff2 → 200 (50ms, 14824B)
[2026-09-24T08:11:46.559Z] GET https://huggingface.co/front/assets/fonts/source-sans-pro-latin-700-normal.woff2 → 200 (50ms, 14712B)
[2026-09-24T08:11:46.559Z] GET https://huggingface.co/front/build/kube-9c7437b/style.css → 200 (23ms, 913698B)
[2026-09-24T08:11:46.559Z] GET https://cdnjs.cloudflare.com/ajax/libs/KaTeX/0.12.0/katex.min.css → 200 (150ms, 22476B)
[2026-09-24T08:11:46.559Z] GET https://huggingface.co/js/script.js → 200 (151ms, 5974B)
[2026-09-24T08:11:46.560Z] GET https://de5282c3ca0c.edge.sdk.awswaf.com/de5282c3ca0c/526cf06acb0d/challenge.js → 200 (176ms, 691149B)
[2026-09-24T08:11:46.560Z] GET https://huggingface.co/front/assets/huggingface_logo-noborder.svg → 200 (49ms, 4634B)
[2026-09-24T08:11:46.560Z] GET https://huggingface.co/docs/diffusers/v0.24.0/en/_app/immutable/assets/0.e3b0c442.css → 200 (348ms, ?B)
[2026-09-24T08:11:46.560Z] GET https://huggingface.co/docs/diffusers/v0.24.0/en/_app/immutable/entry/start.b2aeff8b.js → 200 (350ms, ?B)
[2026-09-24T08:11:46.560Z] GET https://huggingface.co/docs/diffusers/v0.24.0/en/_app/immutable/chunks/scheduler.182ea377.js → 200 (348ms, ?B)
[2026-09-24T08:11:46.560Z] GET https://huggingface.co/docs/diffusers/v0.24.0/en/_app/immutable/chunks/singletons.247b669c.js → 200 (345ms, ?B)
[2026-09-24T08:11:46.560Z] GET https://huggingface.co/docs/diffusers/v0.24.0/en/_app/immutable/chunks/index.1f6d62f6.js → 200 (349ms, ?B)
[2026-09-24T08:11:46.560Z] GET https://huggingface.co/docs/diffusers/v0.24.0/en/_app/immutable/chunks/paths.80a11d15.js → 200 (350ms, ?B)
[2026-09-24T08:11:46.560Z] GET https://huggingface.co/docs/diffusers/v0.24.0/en/_app/immutable/entry/app.cd130e3d.js → pending (?ms, ?B)
[2026-09-24T08:11:46.560Z] GET https://huggingface.co/docs/diffusers/v0.24.0/en/_app/immutable/chunks/index.abf12888.js → 200 (425ms, ?B)
[2026-09-24T08:11:46.560Z] GET https://huggingface.co/docs/diffusers/v0.24.0/en/_app/immutable/nodes/0.57156b1d.js → 200 (343ms, ?B)
[2026-09-24T08:11:46.560Z] GET https://huggingface.co/docs/diffusers/v0.24.0/en/_app/immutable/chunks/each.e59479a4.js → 200 (349ms, ?B)
[2026-09-24T08:11:46.561Z] GET https://huggingface.co/docs/diffusers/v0.24.0/en/_app/immutable/nodes/131.e2caca62.js → 200 (348ms, ?B)
[2026-09-24T08:11:46.561Z] GET https://huggingface.co/docs/diffusers/v0.24.0/en/_app/immutable/chunks/Tip.230e2334.js → 200 (425ms, ?B)
[2026-09-24T08:11:46.561Z] GET https://huggingface.co/docs/diffusers/v0.24.0/en/_app/immutable/chunks/CodeBlock.57fe6e13.js → 200 (300ms, 6283B)
[2026-09-24T08:11:46.561Z] GET https://huggingface.co/docs/diffusers/v0.24.0/en/_app/immutable/chunks/Heading.16916d63.js → 200 (424ms, ?B)
[2026-09-24T08:11:46.709Z] GET https://huggingface.co/front/assets/fonts/ibm-plex-mono-latin-400-normal.woff2 → 200 (25ms, 14708B)
[2026-09-24T08:11:46.709Z] GET https://huggingface.co/front/assets/fonts/source-sans-pro-latin-400-italic.woff2 → 200 (26ms, 14160B)
[2026-09-24T08:11:46.709Z] GET https://huggingface.co/front/assets/fonts/source-sans-pro-greek-400-normal.woff2 → 200 (26ms, 7036B)
[2026-09-24T08:11:46.710Z] GET https://huggingface.co/front/build/kube-9c7437b/index.js → 200 (151ms, 196056B)
[2026-09-24T08:11:46.710Z] GET https://js.stripe.com/v3/ → pending (?ms, ?B)
[2026-09-24T08:11:46.862Z] GET https://huggingface.co/front/build/kube-9c7437b/index-client-BK7Bwd96.js → 200 (90ms, ?B)
[2026-09-24T08:11:46.862Z] GET https://huggingface.co/front/build/kube-9c7437b/disclose-version-xihTtKlq.js → 200 (87ms, ?B)
[2026-09-24T08:11:46.862Z] GET https://huggingface.co/front/build/kube-9c7437b/Dropdown-DeYBN1K7.js → 200 (83ms, ?B)
[2026-09-24T08:11:46.862Z] GET https://huggingface.co/front/build/kube-9c7437b/IconEnterprise-OOiWYcPR.js → 200 (79ms, ?B)
[2026-09-24T08:11:46.862Z] GET https://huggingface.co/front/build/kube-9c7437b/IconSubscribeDisk-B3IjiQy-.js → 200 (83ms, ?B)
[2026-09-24T08:11:46.862Z] GET https://huggingface.co/front/build/kube-9c7437b/IconInferenceEndpointsMonochrome-BWCYX-t7.js → 200 (85ms, ?B)
[2026-09-24T08:11:46.862Z] GET https://huggingface.co/front/build/kube-9c7437b/IconImageFilled-B8ud3gWF.js → 200 (85ms, ?B)
[2026-09-24T08:11:46.862Z] GET https://huggingface.co/front/build/kube-9c7437b/IconHuggingChat-B69BCb3Z.js → 200 (85ms, ?B)
[2026-09-24T08:11:46.862Z] GET https://huggingface.co/front/build/kube-9c7437b/IconCube-B2qlQ1Ft.js → 200 (85ms, ?B)
[2026-09-24T08:11:46.862Z] GET https://huggingface.co/front/build/kube-9c7437b/IconDataset-BE94y8jR.js → 200 (86ms, ?B)
[2026-09-24T08:11:46.863Z] GET https://huggingface.co/front/build/kube-9c7437b/IconHouse-BXnJSGSD.js → 200 (86ms, ?B)
[2026-09-24T08:11:46.863Z] GET https://huggingface.co/front/build/kube-9c7437b/IconSpaceMonochrome-L2_YTKrD.js → 200 (86ms, ?B)
[2026-09-24T08:11:46.863Z] GET https://huggingface.co/front/build/kube-9c7437b/IconOpenBook-CmaP2qRB.js → 200 (85ms, ?B)
[2026-09-24T08:11:46.863Z] GET https://huggingface.co/front/build/kube-9c7437b/IconLanguageTag-B0b82_B2.js → 200 (85ms, ?B)
[2026-09-24T08:11:46.863Z] GET https://huggingface.co/front/build/kube-9c7437b/IconGitHub-q5Pa0X11.js → 200 (89ms, ?B)
[2026-09-24T08:11:46.863Z] GET https://huggingface.co/front/build/kube-9c7437b/IconSocialPost-Qwva6IaO.js → 200 (87ms, ?B)
[2026-09-24T08:11:46.864Z] GET https://huggingface.co/front/build/kube-9c7437b/legacy-CIZ8eZkt.js → 200 (86ms, ?B)
[2026-09-24T08:11:46.864Z] GET https://huggingface.co/front/build/kube-9c7437b/ModalBody-DPysCWhj.js → 200 (88ms, ?B)
[2026-09-24T08:11:46.864Z] GET https://huggingface.co/front/build/kube-9c7437b/ViewUtils-DPFomnm9.js → 200 (93ms, ?B)
[2026-09-24T08:11:46.864Z] GET https://huggingface.co/front/build/kube-9c7437b/IconPaper-D5uPgALn.js → 200 (86ms, ?B)
[2026-09-24T08:11:46.864Z] GET https://huggingface.co/front/build/kube-9c7437b/IconPlus-ZCr1V-7U.js → 200 (89ms, ?B)
[2026-09-24T08:11:46.864Z] GET https://huggingface.co/front/build/kube-9c7437b/IconSpinner-CPa8tCl5.js → 200 (89ms, ?B)
[2026-09-24T08:11:46.864Z] GET https://huggingface.co/front/build/kube-9c7437b/IconCheckmarkFilled-DSESMhZe.js → 200 (88ms, ?B)
[2026-09-24T08:11:46.864Z] GET https://huggingface.co/front/build/kube-9c7437b/IconMessage-D_HWVBkG.js → 200 (87ms, ?B)
[2026-09-24T08:11:46.864Z] GET https://huggingface.co/front/build/kube-9c7437b/transition-BVlj5szl.js → 200 (86ms, ?B)
[2026-09-24T08:11:46.864Z] GET https://huggingface.co/front/build/kube-9c7437b/ThemeSwitcher-BKfNmI_Y.js → 200 (90ms, ?B)
[2026-09-24T08:11:46.865Z] GET https://huggingface.co/front/build/kube-9c7437b/AuthorAvatar-C4J5Bobw.js → 200 (85ms, ?B)
[2026-09-24T08:11:46.865Z] GET https://huggingface.co/front/build/kube-9c7437b/IconArrowRight-Dji570El.js → 200 (86ms, ?B)
[2026-09-24T08:11:46.865Z] GET https://huggingface.co/front/build/kube-9c7437b/IconCaretUp-CV1EMHiN.js → 200 (87ms, ?B)
[2026-09-24T08:11:46.865Z] GET https://huggingface.co/front/build/kube-9c7437b/IconCaretDown-C06QF-kU.js → 200 (90ms, ?B)
[2026-09-24T08:11:46.865Z] GET https://huggingface.co/front/build/kube-9c7437b/IconCaretLeft-Da2MIPKk.js → 200 (88ms, ?B)
[2026-09-24T08:11:46.865Z] GET https://huggingface.co/front/build/kube-9c7437b/IconCaretRight-oZtfii84.js → 200 (91ms, ?B)
[2026-09-24T08:11:46.865Z] GET https://huggingface.co/front/build/kube-9c7437b/index-client-DFWo4X2e.js → 200 (91ms, ?B)
[2026-09-24T08:11:46.865Z] GET https://huggingface.co/front/build/kube-9c7437b/urlWatcher-DS9ZC6_v.js → 200 (86ms, ?B)
[2026-09-24T08:11:46.865Z] GET https://huggingface.co/front/build/kube-9c7437b/IconCross-wXmK9E9W.js → 200 (88ms, ?B)
[2026-09-24T08:11:46.865Z] GET https://huggingface.co/front/build/kube-9c7437b/Overlay-Na-0DOSc.js → 200 (91ms, ?B)
[2026-09-24T08:11:46.865Z] GET https://huggingface.co/front/build/kube-9c7437b/preload-helper-aqgKlst-.js → 200 (90ms, ?B)
[2026-09-24T08:11:46.865Z] GET https://huggingface.co/front/build/kube-9c7437b/PDFViewer-D0zNRYU7.js → 200 (90ms, ?B)
[2026-09-24T08:11:46.865Z] GET https://huggingface.co/front/build/kube-9c7437b/IconInferenceWavespeed-CgZqaPJk.js → 200 (92ms, ?B)
[2026-09-24T08:11:46.865Z] GET https://huggingface.co/front/build/kube-9c7437b/position-jqjRNIck.js → 200 (89ms, ?B)
[2026-09-24T08:11:46.865Z] GET https://huggingface.co/front/build/kube-9c7437b/SSEUtils-Dr4exSt9.js → 200 (91ms, ?B)
[2026-09-24T08:11:46.867Z] GET https://huggingface.co/docs/diffusers/v0.24.0/en/api/pipelines/deepfloyd_if → pending (?ms, ?B)
[2026-09-24T08:11:46.876Z] POST https://de5282c3ca0c.edge.sdk.awswaf.com/de5282c3ca0c/526cf06acb0d/mp_verify → pending (?ms, ?B)
[2026-09-24T08:11:46.947Z] GET https://huggingface.co/front/build/kube-9c7437b/IconCaret-DFSWGu6c.js → 200 (11ms, ?B)
[2026-09-24T08:11:46.951Z] GET https://huggingface.co/front/build/kube-9c7437b/IconProSparkle-PPXOTzFB.js → 200 (7ms, ?B)
[2026-09-24T08:11:46.952Z] GET https://huggingface.co/front/build/kube-9c7437b/noBodyScroll-CgU0IkG5.js → 200 (6ms, ?B)
[2026-09-24T08:11:46.954Z] GET https://huggingface.co/front/build/kube-9c7437b/rolldown-runtime-hePW80VL.js → 200 (4ms, ?B)
[2026-09-24T08:11:46.955Z] GET https://huggingface.co/front/build/kube-9c7437b/IconSunFull-f76KyJGZ.js → 200 (3ms, ?B)
[2026-09-24T08:11:46.985Z] GET https://huggingface.co/front/build/kube-9c7437b/ClientErrorCatcher-DYnz1RxC.js → 200 (9ms, ?B)
[2026-09-24T08:11:46.998Z] GET https://huggingface.co/front/build/kube-9c7437b/DeviceProvider-B8dIFyFX.js → pending (?ms, ?B)
